---
source: src/tests.rs
expression: result
---
Item: GenericEnum
Kind: Enum
Visibility: Public
Defined at: test_crate::GenericEnum

A generic enum for testing


```rust
enum GenericEnum<T, U = String>
where
    T: Clone + Send,
    U: std::fmt::Display {
    /// Simple variant
    Simple,
    /// Variant with generic data
    WithData(T),
    /// Variant with mixed generics
    Mixed {
        data: T,
        info: U,
    },
}
```

std traits: Any, Borrow<T>, BorrowMut<T>, Freeze, From<T>, Into<U>, RefUnwindSafe, Send, Sync, TryFrom<U> [+3 more]
