---
source: src/tests.rs
expression: result
---
`crate::TestStruct::cute` not found. Did you mean one of these?

• `crate::TestStruct::new` (Function)
• `crate::TestStruct::increment_count` (Function)
• `crate::TestStruct::get_field` (Function)
• `crate::TestStruct::ASSOCIATED_CONST` (AssocConst)
• `crate::TestTrait` (Trait)
