---
source: src/tests.rs
expression: result
---
• test-crate (workspace-local, aliased as "crate")
    this is the crate description
• std 1.90.0-nightly
    The Rust Standard Library
• alloc 1.90.0-nightly
    The Rust core allocation and collections library
• core 1.90.0-nightly
    The Rust Core Library
• proc_macro 1.90.0-nightly
    A support library for macro authors when defining new macros
• test 1.90.0-nightly
    Support code for rustc's built in unit-test and micro-benchmarking framework
