---
source: src/tests.rs
expression: result
---
• std
    The Rust Standard Library (rustc 1.90.0-nightly)
• alloc
    The Rust core allocation and collections library (rustc 1.90.0-nightly)
• core
    The Rust Core Library (rustc 1.90.0-nightly)
• proc_macro
    A support library for macro authors when defining new macros (rustc 1.90.0-nightly)
• test
    Support code for rustc's built in unit-test and micro-benchmarking framework (rustc 1.90.0-nightly)
• test-crate (aliased as "crate")
    this is the crate description
