---
source: src/tests.rs
expression: result
---
Item: test_crate
Kind: Module
Visibility: Public
Defined at: test_crate

A minimal test crate for rustdoc JSON MCP testing


Structs:
GenericStruct // A generic struct for testing multi-paragraph documentation. [+14 more lines]
SubStruct // A struct in a submodule
TestStruct // A simple struct for testing basic functionality. [+3 more lines]
TupleStruct // A tuple struct for testing
UnitStruct // A unit struct for testing
Vec // A contiguous growable array type, written as `Vec<T>`, short for 'vector'. [+257 more lines]
