---
source: src/tests.rs
expression: result
---
Item: TestEnum
Kind: Enum
Visibility: Public
Defined at: test_crate::submodule::TestEnum

An enum for testing


```rust
enum TestEnum {
    /// Variant A
    VariantA,
    /// Variant B with data
    VariantB(String),
    /// Variant C with struct data
    VariantC {
        name: String,
        value: i32,
    },
}
```

std traits: Any, Borrow<T>, BorrowMut<T>, Freeze, From<T>, Into<U>, RefUnwindSafe, Send, Sync, TryFrom<U> [+3 more]
