---
source: src/tests.rs
expression: result
---
Item: submodule
Kind: Module
Visibility: Public
Defined at: test_crate::submodule

A module with items


Structs:
SubStruct // A struct in a submodule

Enums:
TestEnum // An enum for testing

Functions:
sub_function // A function in a submodule

Variants:
VariantA // Variant A
VariantB // Variant B with data
VariantC // Variant C with struct data
